Microchip MPLAB XC8 Compiler V1.12 ()

Linker command line:

--edf=C:\Program Files (x86)\Microchip\xc8\v1.12\dat\en_msgs.txt -cs \
  -h+dist/default/production\Up_Down_Counter.X.production.sym -z -Q16F88 \
  -ol.obj -Mdist/default/production/Up_Down_Counter.X.production.map -E1 \
  -ver=XC8 -ACONST=00h-0FFhx16 -ACODE=00h-07FFhx2 -ASTRCODE=00h-0FFFh \
  -AENTRY=00h-0FFhx16 -ASTRING=00h-0FFhx16 -ACOMMON=070h-07Fh \
  -ABANK0=020h-06Fh -ABANK1=0A0h-0EFh -ABANK2=0110h-016Fh \
  -ABANK3=0190h-01EFh -ARAM=020h-06Fh,0A0h-0EFh,0110h-016Fh,0190h-01EFh \
  -AABS1=020h-07Fh,0A0h-0EFh,0110h-016Fh,0190h-01EFh -ASFR0=00h-01Fh \
  -ASFR1=080h-09Fh -ASFR2=0100h-010Fh -ASFR3=0180h-018Fh \
  -preset_vec=00h,intentry,init,end_init -ppowerup=CODE -pfunctab=CODE \
  -ACONFIG=02007h-02008h -pconfig=CONFIG -DCONFIG=2 -AIDLOC=02000h-02003h \
  -pidloc=IDLOC -DIDLOC=2 -AEEDATA=00h-0FFh/02100h -peeprom_data=EEDATA \
  -DEEDATA=2 -DCODE=2 -DSTRCODE=2 -DSTRING=2 -DCONST=2 -DENTRY=2 -k \
  C:\Users\c\AppData\Local\Temp\s2lk.obj \
  dist/default/production\Up_Down_Counter.X.production.obj 

Object code version is 3.10

Machine type is 16F88



                Name                               Link     Load   Length Selector   Space Scale
C:\Users\c\AppData\Local\Temp\s2lk.obj
                end_init                              0        0        2        0       0
                config                             2007     2007        2     400E       0
dist/default/production\Up_Down_Counter.X.production.obj
                text169                             681      681        9      D02       0
                text168                             68A      68A        9      D14       0
                text167                             693      693        A      D26       0
                text166                             69D      69D        A      D3A       0
                text165                             6A7      6A7        A      D4E       0
                text164                             6B1      6B1        A      D62       0
                text163                             6BB      6BB        A      D76       0
                text162                             6C5      6C5        A      D8A       0
                text161                             6CF      6CF        A      D9E       0
                text160                             6D9      6D9        A      DB2       0
                text159                             6E3      6E3        A      DC6       0
                text158                             6ED      6ED        A      DDA       0
                text157                             6F7      6F7       14      DEE       0
                maintext                            70B      70B       F5      E16       0
                cstackCOMMON                         70       70        7       70       1
                bssCOMMON                            77       77        2       70       1
                cinit                               67C      67C        5      CF8       0

TOTAL           Name                               Link     Load   Length     Space
        CLASS   CONST          

        CLASS   CODE           
                end_init                              0        0        2         0
                text169                             681      681        9         0
                text168                             68A      68A        9         0
                text167                             693      693        A         0
                text166                             69D      69D        A         0
                text165                             6A7      6A7        A         0
                text164                             6B1      6B1        A         0
                text163                             6BB      6BB        A         0
                text162                             6C5      6C5        A         0
                text161                             6CF      6CF        A         0
                text160                             6D9      6D9        A         0
                text159                             6E3      6E3        A         0
                text158                             6ED      6ED        A         0
                text157                             6F7      6F7       14         0
                maintext                            70B      70B       F5         0
                cinit                               67C      67C        5         0

        CLASS   STRCODE        

        CLASS   ENTRY          

        CLASS   STRING         

        CLASS   COMMON         
                cstackCOMMON                         70       70        7         1
                bssCOMMON                            77       77        2         1

        CLASS   BANK0          

        CLASS   BANK1          

        CLASS   BANK2          

        CLASS   BANK3          

        CLASS   RAM            

        CLASS   ABS1           
                abs_s1                               7E       7E        2         1

        CLASS   SFR0           

        CLASS   SFR1           

        CLASS   SFR2           

        CLASS   SFR3           

        CLASS   CONFIG         
                config                             2007     2007        2         0

        CLASS   IDLOC          

        CLASS   EEDATA         



SEGMENTS        Name                           Load    Length   Top    Selector   Space  Class     Delta

                reset_vec                      000000  000002  000002         0       0  CODE        2
                cstackCOMMON                   000070  000009  000079        70       1  COMMON      1
                cinit                          00067C  000005  000681       CF8       0  CODE        2
                text169                        000681  000009  00068A       D02       0  CODE        2
                text168                        00068A  000009  000693       D14       0  CODE        2
                text167                        000693  00000A  00069D       D26       0  CODE        2
                text166                        00069D  00000A  0006A7       D3A       0  CODE        2
                text165                        0006A7  00000A  0006B1       D4E       0  CODE        2
                text164                        0006B1  00000A  0006BB       D62       0  CODE        2
                text163                        0006BB  00000A  0006C5       D76       0  CODE        2
                text162                        0006C5  00000A  0006CF       D8A       0  CODE        2
                text161                        0006CF  00000A  0006D9       D9E       0  CODE        2
                text160                        0006D9  00000A  0006E3       DB2       0  CODE        2
                text159                        0006E3  00000A  0006ED       DC6       0  CODE        2
                text158                        0006ED  00000A  0006F7       DDA       0  CODE        2
                text157                        0006F7  000014  00070B       DEE       0  CODE        2
                maintext                       00070B  0000F5  000800       E16       0  CODE        2
                config                         002007  000002  002009      400E       0  CONFIG      2


UNUSED ADDRESS RANGES

        Name                Unused          Largest block    Delta
        BANK0            0020-006F             50           1
        BANK1            00A0-00EF             50           1
        BANK2            0110-016F             60           1
        BANK3            0190-01EF             60           1
        CODE             0002-067B            67A           2
                         0800-0FFF            800
        COMMON           0079-007D              5           1
        CONST            0002-067B            100           2
                         0800-0FFF            100
        EEDATA           2100-21FF            100           2
        ENTRY            0002-067B            100           2
                         0800-0FFF            100
        IDLOC            2000-2003              4           2
        RAM              0020-006F             50           1
                         00A0-00EF             50
                         0110-016F             60
                         0190-01EF             60
        SFR0             0000-001F             20           1
        SFR1             0080-009F             20           1
        SFR2             0100-010F             10           1
        SFR3             0180-018F             10           1
        STRCODE          0002-067B            67A           2
                         0800-0FFF            800
        STRING           0002-067B            100           2
                         0800-0FFF            100

                                  Symbol Table

_ANSEL                   (abs)        009B
_OSCCON                  (abs)        008F
_RA0                     (abs)        0028
_RA1                     (abs)        0029
_RA2                     (abs)        002A
_RA3                     (abs)        002B
_RA4                     (abs)        002C
_RA6                     (abs)        002E
_RA7                     (abs)        002F
_RB0                     (abs)        0030
_RB1                     (abs)        0031
_TRISA                   (abs)        0085
_TRISB                   (abs)        0086
__CFG_BOREN$OFF          (abs)        0000
__CFG_CCPMX$RB0          (abs)        0000
__CFG_CP$OFF             (abs)        0000
__CFG_CPD$OFF            (abs)        0000
__CFG_DEBUG$OFF          (abs)        0000
__CFG_FCMEN$OFF          (abs)        0000
__CFG_FOSC$INTOSCIO      (abs)        0000
__CFG_IESO$OFF           (abs)        0000
__CFG_LVP$OFF            (abs)        0000
__CFG_MCLRE$OFF          (abs)        0000
__CFG_PWRTE$OFF          (abs)        0000
__CFG_WDTE$OFF           (abs)        0000
__CFG_WRT$OFF            (abs)        0000
__Habs1                  abs1         0000
__Hbank0                 bank0        0000
__Hbank1                 bank1        0000
__Hbank2                 bank2        0000
__Hbank3                 bank3        0000
__HbssCOMMON             bssCOMMON    0000
__Hcinit                 cinit        0000
__Hclrtext               clrtext      0000
__Hcode                  code         0000
__Hcommon                common       0000
__Hconfig                config       2009
__HcstackCOMMON          cstackCOMMON 0000
__Heeprom_data           eeprom_data  0000
__Hend_init              end_init     0002
__Hfunctab               functab      0000
__Hidloc                 idloc        0000
__Hinit                  init         0000
__Hintentry              intentry     0000
__Hmaintext              maintext     0000
__Hpowerup               powerup      0000
__Hram                   ram          0000
__Hreset_vec             reset_vec    0000
__Hsfr0                  sfr0         0000
__Hsfr1                  sfr1         0000
__Hsfr2                  sfr2         0000
__Hsfr3                  sfr3         0000
__Hstrings               strings      0000
__Htext                  text         0000
__Labs1                  abs1         0000
__Lbank0                 bank0        0000
__Lbank1                 bank1        0000
__Lbank2                 bank2        0000
__Lbank3                 bank3        0000
__LbssCOMMON             bssCOMMON    0000
__Lcinit                 cinit        0000
__Lclrtext               clrtext      0000
__Lcode                  code         0000
__Lcommon                common       0000
__Lconfig                config       2007
__LcstackCOMMON          cstackCOMMON 0000
__Leeprom_data           eeprom_data  0000
__Lend_init              end_init     0000
__Lfunctab               functab      0000
__Lidloc                 idloc        0000
__Linit                  init         0000
__Lintentry              intentry     0000
__Lmaintext              maintext     0000
__Lpowerup               powerup      0000
__Lram                   ram          0000
__Lreset_vec             reset_vec    0000
__Lsfr0                  sfr0         0000
__Lsfr1                  sfr1         0000
__Lsfr2                  sfr2         0000
__Lsfr3                  sfr3         0000
__Lstrings               strings      0000
__Ltext                  text         0000
__S0                     (abs)        2009
__S1                     (abs)        0079
__S2                     (abs)        0000
__end_of__initialization cinit        067E
__end_of_countDown       text169      068A
__end_of_countUp         text168      0693
__end_of_eightDisplay    text166      06A7
__end_of_fiveDisplay     text163      06C5
__end_of_fourDisplay     text162      06CF
__end_of_init            text157      070B
__end_of_main            maintext     0800
__end_of_nineDisplay     text167      069D
__end_of_oneDisplay      text159      06ED
__end_of_sevenDisplay    text165      06B1
__end_of_sixDisplay      text164      06BB
__end_of_threeDisplay    text161      06D9
__end_of_twoDisplay      text160      06E3
__end_of_zeroDisplay     text158      06F7
__initialization         cinit        067C
__pbssCOMMON             bssCOMMON    0077
__pcstackCOMMON          cstackCOMMON 0070
__pmaintext              maintext     070B
__ptext156               text156      0000
__ptext157               text157      06F7
__ptext158               text158      06ED
__ptext159               text159      06E3
__ptext160               text160      06D9
__ptext161               text161      06CF
__ptext162               text162      06C5
__ptext163               text163      06BB
__ptext164               text164      06B1
__ptext165               text165      06A7
__ptext166               text166      069D
__ptext167               text167      0693
__ptext168               text168      068A
__ptext169               text169      0681
__ptext170               text170      0000
__size_of_countDown      (abs)        0000
__size_of_countUp        (abs)        0000
__size_of_eightDisplay   (abs)        0000
__size_of_fiveDisplay    (abs)        0000
__size_of_fourDisplay    (abs)        0000
__size_of_init           (abs)        0000
__size_of_main           (abs)        0000
__size_of_nineDisplay    (abs)        0000
__size_of_oneDisplay     (abs)        0000
__size_of_sevenDisplay   (abs)        0000
__size_of_sixDisplay     (abs)        0000
__size_of_threeDisplay   (abs)        0000
__size_of_twoDisplay     (abs)        0000
__size_of_zeroDisplay    (abs)        0000
_count                   bssCOMMON    0077
_countDown               text169      0681
_countUp                 text168      068A
_eightDisplay            text166      069D
_fiveDisplay             text163      06BB
_fourDisplay             text162      06C5
_init                    text157      06F7
_main                    maintext     070B
_nineDisplay             text167      0693
_oneDisplay              text159      06E3
_sevenDisplay            text165      06A7
_sixDisplay              text164      06B1
_threeDisplay            text161      06CF
_twoDisplay              text160      06D9
_zeroDisplay             text158      06ED
btemp                    (abs)        007E
end_of_initialization    cinit        067E
intlevel0                functab      0000
intlevel1                functab      0000
intlevel2                functab      0000
intlevel3                functab      0000
intlevel4                functab      0000
intlevel5                functab      0000
main@downButtonFlag      cstackCOMMON 0075
main@upButtonFlag        cstackCOMMON 0073
reset_vec                reset_vec    0000
start                    init         0000
start_initialization     cinit        067C
wtemp0                   (abs)        007E


FUNCTION INFORMATION:

 *************** function _main *****************
 Defined at:
		line 184 in file "main.c"
 Parameters:    Size  Location     Type
		None
 Auto vars:     Size  Location     Type
  downButtonFl    2    5[COMMON] int 
  upButtonFlag    2    3[COMMON] int 
 Return value:  Size  Location     Type
                  2   71[COMMON] int 
 Registers used:
		wreg, status,2, status,0, pclath, cstack
 Tracked objects:
		On entry : 
		On exit  : 
		Unchanged: 
 Data sizes:     COMMON   BANK0   BANK1   BANK3   BANK2
      Params:         0       0       0       0       0
      Locals:         4       0       0       0       0
      Temps:          3       0       0       0       0
      Totals:         7       0       0       0       0
Total ram usage:        7 bytes
 Hardware stack levels required when called:    1
 This function calls:
		_init
		_countUp
		_countDown
		_zeroDisplay
		_oneDisplay
		_twoDisplay
		_threeDisplay
		_fourDisplay
		_fiveDisplay
		_sixDisplay
		_sevenDisplay
		_eightDisplay
		_nineDisplay
 This function is called by:
		Startup code after reset
 This function uses a non-reentrant model


 *************** function _init *****************
 Defined at:
		line 49 in file "main.c"
 Parameters:    Size  Location     Type
		None
 Auto vars:     Size  Location     Type
		None
 Return value:  Size  Location     Type
		None               void
 Registers used:
		wreg, status,2
 Tracked objects:
		On entry : 
		On exit  : 
		Unchanged: 
 Data sizes:     COMMON   BANK0   BANK1   BANK3   BANK2
      Params:         0       0       0       0       0
      Locals:         0       0       0       0       0
      Temps:          0       0       0       0       0
      Totals:         0       0       0       0       0
Total ram usage:        0 bytes
 Hardware stack levels used:    1
 This function calls:
		Nothing
 This function is called by:
		_main
 This function uses a non-reentrant model


 *************** function _zeroDisplay *****************
 Defined at:
		line 67 in file "main.c"
 Parameters:    Size  Location     Type
		None
 Auto vars:     Size  Location     Type
		None
 Return value:  Size  Location     Type
		None               void
 Registers used:
		None
 Tracked objects:
		On entry : 
		On exit  : 
		Unchanged: 
 Data sizes:     COMMON   BANK0   BANK1   BANK3   BANK2
      Params:         0       0       0       0       0
      Locals:         0       0       0       0       0
      Temps:          0       0       0       0       0
      Totals:         0       0       0       0       0
Total ram usage:        0 bytes
 Hardware stack levels used:    1
 This function calls:
		Nothing
 This function is called by:
		_main
 This function uses a non-reentrant model


 *************** function _oneDisplay *****************
 Defined at:
		line 78 in file "main.c"
 Parameters:    Size  Location     Type
		None
 Auto vars:     Size  Location     Type
		None
 Return value:  Size  Location     Type
		None               void
 Registers used:
		None
 Tracked objects:
		On entry : 
		On exit  : 
		Unchanged: 
 Data sizes:     COMMON   BANK0   BANK1   BANK3   BANK2
      Params:         0       0       0       0       0
      Locals:         0       0       0       0       0
      Temps:          0       0       0       0       0
      Totals:         0       0       0       0       0
Total ram usage:        0 bytes
 Hardware stack levels used:    1
 This function calls:
		Nothing
 This function is called by:
		_main
 This function uses a non-reentrant model


 *************** function _twoDisplay *****************
 Defined at:
		line 89 in file "main.c"
 Parameters:    Size  Location     Type
		None
 Auto vars:     Size  Location     Type
		None
 Return value:  Size  Location     Type
		None               void
 Registers used:
		None
 Tracked objects:
		On entry : 
		On exit  : 
		Unchanged: 
 Data sizes:     COMMON   BANK0   BANK1   BANK3   BANK2
      Params:         0       0       0       0       0
      Locals:         0       0       0       0       0
      Temps:          0       0       0       0       0
      Totals:         0       0       0       0       0
Total ram usage:        0 bytes
 Hardware stack levels used:    1
 This function calls:
		Nothing
 This function is called by:
		_main
 This function uses a non-reentrant model


 *************** function _threeDisplay *****************
 Defined at:
		line 100 in file "main.c"
 Parameters:    Size  Location     Type
		None
 Auto vars:     Size  Location     Type
		None
 Return value:  Size  Location     Type
		None               void
 Registers used:
		None
 Tracked objects:
		On entry : 
		On exit  : 
		Unchanged: 
 Data sizes:     COMMON   BANK0   BANK1   BANK3   BANK2
      Params:         0       0       0       0       0
      Locals:         0       0       0       0       0
      Temps:          0       0       0       0       0
      Totals:         0       0       0       0       0
Total ram usage:        0 bytes
 Hardware stack levels used:    1
 This function calls:
		Nothing
 This function is called by:
		_main
 This function uses a non-reentrant model


 *************** function _fourDisplay *****************
 Defined at:
		line 111 in file "main.c"
 Parameters:    Size  Location     Type
		None
 Auto vars:     Size  Location     Type
		None
 Return value:  Size  Location     Type
		None               void
 Registers used:
		None
 Tracked objects:
		On entry : 
		On exit  : 
		Unchanged: 
 Data sizes:     COMMON   BANK0   BANK1   BANK3   BANK2
      Params:         0       0       0       0       0
      Locals:         0       0       0       0       0
      Temps:          0       0       0       0       0
      Totals:         0       0       0       0       0
Total ram usage:        0 bytes
 Hardware stack levels used:    1
 This function calls:
		Nothing
 This function is called by:
		_main
 This function uses a non-reentrant model


 *************** function _fiveDisplay *****************
 Defined at:
		line 122 in file "main.c"
 Parameters:    Size  Location     Type
		None
 Auto vars:     Size  Location     Type
		None
 Return value:  Size  Location     Type
		None               void
 Registers used:
		None
 Tracked objects:
		On entry : 
		On exit  : 
		Unchanged: 
 Data sizes:     COMMON   BANK0   BANK1   BANK3   BANK2
      Params:         0       0       0       0       0
      Locals:         0       0       0       0       0
      Temps:          0       0       0       0       0
      Totals:         0       0       0       0       0
Total ram usage:        0 bytes
 Hardware stack levels used:    1
 This function calls:
		Nothing
 This function is called by:
		_main
 This function uses a non-reentrant model


 *************** function _sixDisplay *****************
 Defined at:
		line 133 in file "main.c"
 Parameters:    Size  Location     Type
		None
 Auto vars:     Size  Location     Type
		None
 Return value:  Size  Location     Type
		None               void
 Registers used:
		None
 Tracked objects:
		On entry : 
		On exit  : 
		Unchanged: 
 Data sizes:     COMMON   BANK0   BANK1   BANK3   BANK2
      Params:         0       0       0       0       0
      Locals:         0       0       0       0       0
      Temps:          0       0       0       0       0
      Totals:         0       0       0       0       0
Total ram usage:        0 bytes
 Hardware stack levels used:    1
 This function calls:
		Nothing
 This function is called by:
		_main
 This function uses a non-reentrant model


 *************** function _sevenDisplay *****************
 Defined at:
		line 144 in file "main.c"
 Parameters:    Size  Location     Type
		None
 Auto vars:     Size  Location     Type
		None
 Return value:  Size  Location     Type
		None               void
 Registers used:
		None
 Tracked objects:
		On entry : 
		On exit  : 
		Unchanged: 
 Data sizes:     COMMON   BANK0   BANK1   BANK3   BANK2
      Params:         0       0       0       0       0
      Locals:         0       0       0       0       0
      Temps:          0       0       0       0       0
      Totals:         0       0       0       0       0
Total ram usage:        0 bytes
 Hardware stack levels used:    1
 This function calls:
		Nothing
 This function is called by:
		_main
 This function uses a non-reentrant model


 *************** function _eightDisplay *****************
 Defined at:
		line 155 in file "main.c"
 Parameters:    Size  Location     Type
		None
 Auto vars:     Size  Location     Type
		None
 Return value:  Size  Location     Type
		None               void
 Registers used:
		None
 Tracked objects:
		On entry : 
		On exit  : 
		Unchanged: 
 Data sizes:     COMMON   BANK0   BANK1   BANK3   BANK2
      Params:         0       0       0       0       0
      Locals:         0       0       0       0       0
      Temps:          0       0       0       0       0
      Totals:         0       0       0       0       0
Total ram usage:        0 bytes
 Hardware stack levels used:    1
 This function calls:
		Nothing
 This function is called by:
		_main
 This function uses a non-reentrant model


 *************** function _nineDisplay *****************
 Defined at:
		line 166 in file "main.c"
 Parameters:    Size  Location     Type
		None
 Auto vars:     Size  Location     Type
		None
 Return value:  Size  Location     Type
		None               void
 Registers used:
		None
 Tracked objects:
		On entry : 
		On exit  : 
		Unchanged: 
 Data sizes:     COMMON   BANK0   BANK1   BANK3   BANK2
      Params:         0       0       0       0       0
      Locals:         0       0       0       0       0
      Temps:          0       0       0       0       0
      Totals:         0       0       0       0       0
Total ram usage:        0 bytes
 Hardware stack levels used:    1
 This function calls:
		Nothing
 This function is called by:
		_main
 This function uses a non-reentrant model


 *************** function _countUp *****************
 Defined at:
		line 176 in file "main.c"
 Parameters:    Size  Location     Type
		None
 Auto vars:     Size  Location     Type
		None
 Return value:  Size  Location     Type
		None               void
 Registers used:
		wreg, status,2, status,0
 Tracked objects:
		On entry : 
		On exit  : 
		Unchanged: 
 Data sizes:     COMMON   BANK0   BANK1   BANK3   BANK2
      Params:         0       0       0       0       0
      Locals:         0       0       0       0       0
      Temps:          0       0       0       0       0
      Totals:         0       0       0       0       0
Total ram usage:        0 bytes
 Hardware stack levels used:    1
 This function calls:
		Nothing
 This function is called by:
		_main
 This function uses a non-reentrant model


 *************** function _countDown *****************
 Defined at:
		line 180 in file "main.c"
 Parameters:    Size  Location     Type
		None
 Auto vars:     Size  Location     Type
		None
 Return value:  Size  Location     Type
		None               void
 Registers used:
		wreg, status,2, status,0
 Tracked objects:
		On entry : 
		On exit  : 
		Unchanged: 
 Data sizes:     COMMON   BANK0   BANK1   BANK3   BANK2
      Params:         0       0       0       0       0
      Locals:         0       0       0       0       0
      Temps:          0       0       0       0       0
      Totals:         0       0       0       0       0
Total ram usage:        0 bytes
 Hardware stack levels used:    1
 This function calls:
		Nothing
 This function is called by:
		_main
 This function uses a non-reentrant model



MODULE INFORMATION

Module		Function		Class		Link	Load	Size
shared
		__initializatio		CODE           	067C	0000	2

shared estimated size: 2

main.c
		_init          		CODE           	06F7	0000	20
		_fiveDisplay   		CODE           	06BB	0000	10
		_twoDisplay    		CODE           	06D9	0000	10
		_threeDisplay  		CODE           	06CF	0000	10
		_countUp       		CODE           	068A	0000	9
		_sixDisplay    		CODE           	06B1	0000	10
		_main          		CODE           	070B	0000	245
		_fourDisplay   		CODE           	06C5	0000	10
		_eightDisplay  		CODE           	069D	0000	10
		_oneDisplay    		CODE           	06E3	0000	10
		_countDown     		CODE           	0681	0000	9
		_sevenDisplay  		CODE           	06A7	0000	10
		_nineDisplay   		CODE           	0693	0000	10
		_zeroDisplay   		CODE           	06ED	0000	10

main.c estimated size: 383

