Microchip MPLAB XC8 Compiler V1.12 ()

Linker command line:

--edf=C:\Program Files (x86)\Microchip\xc8\v1.12\dat\en_msgs.txt -cs \
  -h+dist/default/production\WirelessReceiver.X.production.sym -z -Q16F88 \
  -ol.obj -Mdist/default/production/WirelessReceiver.X.production.map -E1 \
  -ver=XC8 -ACONST=00h-0FFhx16 -ACODE=00h-07FFhx2 -ASTRCODE=00h-0FFFh \
  -AENTRY=00h-0FFhx16 -ASTRING=00h-0FFhx16 -ACOMMON=070h-07Fh \
  -ABANK0=020h-06Fh -ABANK1=0A0h-0EFh -ABANK2=0110h-016Fh \
  -ABANK3=0190h-01EFh -ARAM=020h-06Fh,0A0h-0EFh,0110h-016Fh,0190h-01EFh \
  -AABS1=020h-07Fh,0A0h-0EFh,0110h-016Fh,0190h-01EFh -ASFR0=00h-01Fh \
  -ASFR1=080h-09Fh -ASFR2=0100h-010Fh -ASFR3=0180h-018Fh \
  -preset_vec=00h,intentry,init,end_init -ppowerup=CODE -pfunctab=CODE \
  -ACONFIG=02007h-02008h -pconfig=CONFIG -DCONFIG=2 -AIDLOC=02000h-02003h \
  -pidloc=IDLOC -DIDLOC=2 -AEEDATA=00h-0FFh/02100h -peeprom_data=EEDATA \
  -DEEDATA=2 -DCODE=2 -DSTRCODE=2 -DSTRING=2 -DCONST=2 -DENTRY=2 -k \
  C:\Users\Michael\AppData\Local\Temp\s6l8.obj \
  dist/default/production\WirelessReceiver.X.production.obj 

Object code version is 3.10

Machine type is 16F88



                Name                               Link     Load   Length Selector   Space Scale
C:\Users\Michael\AppData\Local\Temp\s6l8.obj
                end_init                              0        0        2        0       0
                config                             2007     2007        2     400E       0
dist/default/production\WirelessReceiver.X.production.obj
                text123                             7A1      7A1        C      F42       0
                text122                             780      780        B      F00       0
                text121                             76C      76C        A      ED8       0
                text120                             776      776        A      EEC       0
                text119                             78B      78B        B      F16       0
                text118                             796      796        B      F2C       0
                text117                             7AD      7AD        F      F5A       0
                text116                             7BC      7BC       10      F78       0
                text115                             764      764        8      EC8       0
                maintext                            7CC      7CC       34      F98       0
                cstackCOMMON                         70       70        4       70       1
                cinit                               761      761        3      EC2       0

TOTAL           Name                               Link     Load   Length     Space
        CLASS   CONST          

        CLASS   CODE           
                end_init                              0        0        2         0
                text123                             7A1      7A1        C         0
                text122                             780      780        B         0
                text121                             76C      76C        A         0
                text120                             776      776        A         0
                text119                             78B      78B        B         0
                text118                             796      796        B         0
                text117                             7AD      7AD        F         0
                text116                             7BC      7BC       10         0
                text115                             764      764        8         0
                maintext                            7CC      7CC       34         0
                cinit                               761      761        3         0

        CLASS   STRCODE        

        CLASS   ENTRY          

        CLASS   STRING         

        CLASS   COMMON         
                cstackCOMMON                         70       70        4         1

        CLASS   BANK0          

        CLASS   BANK1          

        CLASS   BANK2          

        CLASS   BANK3          

        CLASS   RAM            

        CLASS   ABS1           
                abs_s1                               7E       7E        2         1

        CLASS   SFR0           

        CLASS   SFR1           

        CLASS   SFR2           

        CLASS   SFR3           

        CLASS   CONFIG         
                config                             2007     2007        2         0

        CLASS   IDLOC          

        CLASS   EEDATA         



SEGMENTS        Name                           Load    Length   Top    Selector   Space  Class     Delta

                reset_vec                      000000  000002  000002         0       0  CODE        2
                cstackCOMMON                   000070  000004  000074        70       1  COMMON      1
                cinit                          000761  000003  000764       EC2       0  CODE        2
                text115                        000764  000008  00076C       EC8       0  CODE        2
                text121                        00076C  00000A  000776       ED8       0  CODE        2
                text120                        000776  00000A  000780       EEC       0  CODE        2
                text122                        000780  00000B  00078B       F00       0  CODE        2
                text119                        00078B  00000B  000796       F16       0  CODE        2
                text118                        000796  00000B  0007A1       F2C       0  CODE        2
                text123                        0007A1  00000C  0007AD       F42       0  CODE        2
                text117                        0007AD  00000F  0007BC       F5A       0  CODE        2
                text116                        0007BC  000010  0007CC       F78       0  CODE        2
                maintext                       0007CC  000034  000800       F98       0  CODE        2
                config                         002007  000002  002009      400E       0  CONFIG      2


UNUSED ADDRESS RANGES

        Name                Unused          Largest block    Delta
        BANK0            0020-006F             50           1
        BANK1            00A0-00EF             50           1
        BANK2            0110-016F             60           1
        BANK3            0190-01EF             60           1
        CODE             0002-0760            75F           2
                         0800-0FFF            800
        COMMON           0074-007D              A           1
        CONST            0002-0760            100           2
                         0800-0FFF            100
        EEDATA           2100-21FF            100           2
        ENTRY            0002-0760            100           2
                         0800-0FFF            100
        IDLOC            2000-2003              4           2
        RAM              0020-006F             50           1
                         00A0-00EF             50
                         0110-016F             60
                         0190-01EF             60
        SFR0             0000-001F             20           1
        SFR1             0080-009F             20           1
        SFR2             0100-010F             10           1
        SFR3             0180-018F             10           1
        STRCODE          0002-0760            75F           2
                         0800-0FFF            800
        STRING           0002-0760            100           2
                         0800-0FFF            100

                                  Symbol Table

_ANSEL                   (abs)        009B
_OSCCON                  (abs)        008F
_PORTA                   (abs)        0005
_PORTB                   (abs)        0006
_RA3                     (abs)        002B
_RA6                     (abs)        002E
_RA7                     (abs)        002F
_RB0                     (abs)        0030
_RB1                     (abs)        0031
_RB3                     (abs)        0033
_RB4                     (abs)        0034
_RCIF                    (abs)        0065
_RCREG                   (abs)        001A
_RCSTA                   (abs)        0018
_SPBRG                   (abs)        0099
_TRISA                   (abs)        0085
_TRISB                   (abs)        0086
_TRISB2                  (abs)        0432
_TRISB5                  (abs)        0435
_TXIF                    (abs)        0064
_TXREG                   (abs)        0019
_TXSTA                   (abs)        0098
__CFG_BOREN$OFF          (abs)        0000
__CFG_CCPMX$RB0          (abs)        0000
__CFG_CP$OFF             (abs)        0000
__CFG_CPD$OFF            (abs)        0000
__CFG_DEBUG$OFF          (abs)        0000
__CFG_FCMEN$OFF          (abs)        0000
__CFG_FOSC$INTOSCIO      (abs)        0000
__CFG_IESO$OFF           (abs)        0000
__CFG_LVP$OFF            (abs)        0000
__CFG_MCLRE$OFF          (abs)        0000
__CFG_PWRTE$OFF          (abs)        0000
__CFG_WDTE$OFF           (abs)        0000
__CFG_WRT$OFF            (abs)        0000
__Habs1                  abs1         0000
__Hbank0                 bank0        0000
__Hbank1                 bank1        0000
__Hbank2                 bank2        0000
__Hbank3                 bank3        0000
__Hcinit                 cinit        0000
__Hclrtext               clrtext      0000
__Hcode                  code         0000
__Hcommon                common       0000
__Hconfig                config       2009
__HcstackCOMMON          cstackCOMMON 0000
__Heeprom_data           eeprom_data  0000
__Hend_init              end_init     0002
__Hfunctab               functab      0000
__Hidloc                 idloc        0000
__Hinit                  init         0000
__Hintentry              intentry     0000
__Hmaintext              maintext     0000
__Hpowerup               powerup      0000
__Hram                   ram          0000
__Hreset_vec             reset_vec    0000
__Hsfr0                  sfr0         0000
__Hsfr1                  sfr1         0000
__Hsfr2                  sfr2         0000
__Hsfr3                  sfr3         0000
__Hstrings               strings      0000
__Htext                  text         0000
__Labs1                  abs1         0000
__Lbank0                 bank0        0000
__Lbank1                 bank1        0000
__Lbank2                 bank2        0000
__Lbank3                 bank3        0000
__Lcinit                 cinit        0000
__Lclrtext               clrtext      0000
__Lcode                  code         0000
__Lcommon                common       0000
__Lconfig                config       2007
__LcstackCOMMON          cstackCOMMON 0000
__Leeprom_data           eeprom_data  0000
__Lend_init              end_init     0000
__Lfunctab               functab      0000
__Lidloc                 idloc        0000
__Linit                  init         0000
__Lintentry              intentry     0000
__Lmaintext              maintext     0000
__Lpowerup               powerup      0000
__Lram                   ram          0000
__Lreset_vec             reset_vec    0000
__Lsfr0                  sfr0         0000
__Lsfr1                  sfr1         0000
__Lsfr2                  sfr2         0000
__Lsfr3                  sfr3         0000
__Lstrings               strings      0000
__Ltext                  text         0000
__S0                     (abs)        2009
__S1                     (abs)        0074
__S2                     (abs)        0000
__end_of__initialization cinit        0761
__end_of_allOff          text120      0780
__end_of_drawOne         text115      076C
__end_of_drawThree       text118      07A1
__end_of_drawTwo         text119      0796
__end_of_getch           text122      078B
__end_of_getche          text121      0776
__end_of_init            text116      07CC
__end_of_init_comms      text117      07BC
__end_of_main            maintext     0800
__end_of_putch           text123      07AD
__initialization         cinit        0761
__pcstackCOMMON          cstackCOMMON 0070
__pmaintext              maintext     07CC
__ptext114               text114      0000
__ptext115               text115      0764
__ptext116               text116      07BC
__ptext117               text117      07AD
__ptext118               text118      0796
__ptext119               text119      078B
__ptext120               text120      0776
__ptext121               text121      076C
__ptext122               text122      0780
__ptext123               text123      07A1
__ptext124               text124      0000
__size_of_allOff         (abs)        0000
__size_of_drawOne        (abs)        0000
__size_of_drawThree      (abs)        0000
__size_of_drawTwo        (abs)        0000
__size_of_getch          (abs)        0000
__size_of_getche         (abs)        0000
__size_of_init           (abs)        0000
__size_of_init_comms     (abs)        0000
__size_of_main           (abs)        0000
__size_of_putch          (abs)        0000
_allOff                  text120      0776
_drawOne                 text115      0764
_drawThree               text118      0796
_drawTwo                 text119      078B
_getch                   text122      0780
_getche                  text121      076C
_init                    text116      07BC
_init_comms              text117      07AD
_main                    maintext     07CC
_putch                   text123      07A1
btemp                    (abs)        007E
end_of_initialization    cinit        0761
getche@c                 cstackCOMMON 0071
intlevel0                functab      0000
intlevel1                functab      0000
intlevel2                functab      0000
intlevel3                functab      0000
intlevel4                functab      0000
intlevel5                functab      0000
main@temp                cstackCOMMON 0073
putch@byte               cstackCOMMON 0070
reset_vec                reset_vec    0000
start                    init         0000
start_initialization     cinit        0761
wtemp0                   (abs)        007E


FUNCTION INFORMATION:

 *************** function _main *****************
 Defined at:
		line 86 in file "main.c"
 Parameters:    Size  Location     Type
		None
 Auto vars:     Size  Location     Type
  temp            1    3[COMMON] unsigned char 
 Return value:  Size  Location     Type
                  2   47[COMMON] int 
 Registers used:
		wreg, status,2, status,0, pclath, cstack
 Tracked objects:
		On entry : 
		On exit  : 
		Unchanged: 
 Data sizes:     COMMON   BANK0   BANK1   BANK3   BANK2
      Params:         0       0       0       0       0
      Locals:         1       0       0       0       0
      Temps:          1       0       0       0       0
      Totals:         2       0       0       0       0
Total ram usage:        2 bytes
 Hardware stack levels required when called:    2
 This function calls:
		_init
		_getche
		_drawOne
		_drawTwo
		_drawThree
		_allOff
 This function is called by:
		Startup code after reset
 This function uses a non-reentrant model


 *************** function _drawOne *****************
 Defined at:
		line 64 in file "main.c"
 Parameters:    Size  Location     Type
		None
 Auto vars:     Size  Location     Type
		None
 Return value:  Size  Location     Type
                  2   38[COMMON] int 
 Registers used:
		status,2, status,0, pclath, cstack
 Tracked objects:
		On entry : 
		On exit  : 
		Unchanged: 
 Data sizes:     COMMON   BANK0   BANK1   BANK3   BANK2
      Params:         0       0       0       0       0
      Locals:         0       0       0       0       0
      Temps:          0       0       0       0       0
      Totals:         0       0       0       0       0
Total ram usage:        0 bytes
 Hardware stack levels used:    1
 Hardware stack levels required when called:    1
 This function calls:
		_allOff
 This function is called by:
		_main
 This function uses a non-reentrant model


 *************** function _init *****************
 Defined at:
		line 43 in file "main.c"
 Parameters:    Size  Location     Type
		None
 Auto vars:     Size  Location     Type
		None
 Return value:  Size  Location     Type
		None               void
 Registers used:
		wreg, status,2, status,0, pclath, cstack
 Tracked objects:
		On entry : 
		On exit  : 
		Unchanged: 
 Data sizes:     COMMON   BANK0   BANK1   BANK3   BANK2
      Params:         0       0       0       0       0
      Locals:         0       0       0       0       0
      Temps:          0       0       0       0       0
      Totals:         0       0       0       0       0
Total ram usage:        0 bytes
 Hardware stack levels used:    1
 Hardware stack levels required when called:    1
 This function calls:
		_init_comms
 This function is called by:
		_main
 This function uses a non-reentrant model


 *************** function _init_comms *****************
 Defined at:
		line 30 in file "usart.c"
 Parameters:    Size  Location     Type
		None
 Auto vars:     Size  Location     Type
		None
 Return value:  Size  Location     Type
		None               void
 Registers used:
		wreg
 Tracked objects:
		On entry : 
		On exit  : 
		Unchanged: 
 Data sizes:     COMMON   BANK0   BANK1   BANK3   BANK2
      Params:         0       0       0       0       0
      Locals:         0       0       0       0       0
      Temps:          0       0       0       0       0
      Totals:         0       0       0       0       0
Total ram usage:        0 bytes
 Hardware stack levels used:    1
 This function calls:
		Nothing
 This function is called by:
		_init
 This function uses a non-reentrant model


 *************** function _drawThree *****************
 Defined at:
		line 77 in file "main.c"
 Parameters:    Size  Location     Type
		None
 Auto vars:     Size  Location     Type
		None
 Return value:  Size  Location     Type
                  2   44[COMMON] int 
 Registers used:
		status,2, status,0, pclath, cstack
 Tracked objects:
		On entry : 
		On exit  : 
		Unchanged: 
 Data sizes:     COMMON   BANK0   BANK1   BANK3   BANK2
      Params:         0       0       0       0       0
      Locals:         0       0       0       0       0
      Temps:          0       0       0       0       0
      Totals:         0       0       0       0       0
Total ram usage:        0 bytes
 Hardware stack levels used:    1
 Hardware stack levels required when called:    1
 This function calls:
		_allOff
 This function is called by:
		_main
 This function uses a non-reentrant model


 *************** function _drawTwo *****************
 Defined at:
		line 69 in file "main.c"
 Parameters:    Size  Location     Type
		None
 Auto vars:     Size  Location     Type
		None
 Return value:  Size  Location     Type
                  2   41[COMMON] int 
 Registers used:
		status,2, status,0, pclath, cstack
 Tracked objects:
		On entry : 
		On exit  : 
		Unchanged: 
 Data sizes:     COMMON   BANK0   BANK1   BANK3   BANK2
      Params:         0       0       0       0       0
      Locals:         0       0       0       0       0
      Temps:          0       0       0       0       0
      Totals:         0       0       0       0       0
Total ram usage:        0 bytes
 Hardware stack levels used:    1
 Hardware stack levels required when called:    1
 This function calls:
		_allOff
 This function is called by:
		_main
 This function uses a non-reentrant model


 *************** function _allOff *****************
 Defined at:
		line 55 in file "main.c"
 Parameters:    Size  Location     Type
		None
 Auto vars:     Size  Location     Type
		None
 Return value:  Size  Location     Type
                  2   35[COMMON] int 
 Registers used:
		None
 Tracked objects:
		On entry : 
		On exit  : 
		Unchanged: 
 Data sizes:     COMMON   BANK0   BANK1   BANK3   BANK2
      Params:         0       0       0       0       0
      Locals:         0       0       0       0       0
      Temps:          0       0       0       0       0
      Totals:         0       0       0       0       0
Total ram usage:        0 bytes
 Hardware stack levels used:    1
 This function calls:
		Nothing
 This function is called by:
		_drawOne
		_drawTwo
		_drawThree
		_main
 This function uses a non-reentrant model


 *************** function _getche *****************
 Defined at:
		line 24 in file "usart.c"
 Parameters:    Size  Location     Type
		None
 Auto vars:     Size  Location     Type
  c               1    1[COMMON] unsigned char 
 Return value:  Size  Location     Type
                  1    wreg      unsigned char 
 Registers used:
		wreg, status,2, status,0, pclath, cstack
 Tracked objects:
		On entry : 
		On exit  : 
		Unchanged: 
 Data sizes:     COMMON   BANK0   BANK1   BANK3   BANK2
      Params:         0       0       0       0       0
      Locals:         1       0       0       0       0
      Temps:          0       0       0       0       0
      Totals:         1       0       0       0       0
Total ram usage:        1 bytes
 Hardware stack levels used:    1
 Hardware stack levels required when called:    1
 This function calls:
		_getch
		_putch
 This function is called by:
		_main
 This function uses a non-reentrant model


 *************** function _getch *****************
 Defined at:
		line 15 in file "usart.c"
 Parameters:    Size  Location     Type
		None
 Auto vars:     Size  Location     Type
		None
 Return value:  Size  Location     Type
                  1    wreg      unsigned char 
 Registers used:
		wreg
 Tracked objects:
		On entry : 
		On exit  : 
		Unchanged: 
 Data sizes:     COMMON   BANK0   BANK1   BANK3   BANK2
      Params:         0       0       0       0       0
      Locals:         0       0       0       0       0
      Temps:          0       0       0       0       0
      Totals:         0       0       0       0       0
Total ram usage:        0 bytes
 Hardware stack levels used:    1
 This function calls:
		Nothing
 This function is called by:
		_getche
 This function uses a non-reentrant model


 *************** function _putch *****************
 Defined at:
		line 7 in file "usart.c"
 Parameters:    Size  Location     Type
  byte            1    wreg     unsigned char 
 Auto vars:     Size  Location     Type
  byte            1    0[COMMON] unsigned char 
 Return value:  Size  Location     Type
		None               void
 Registers used:
		wreg
 Tracked objects:
		On entry : 
		On exit  : 
		Unchanged: 
 Data sizes:     COMMON   BANK0   BANK1   BANK3   BANK2
      Params:         0       0       0       0       0
      Locals:         1       0       0       0       0
      Temps:          0       0       0       0       0
      Totals:         1       0       0       0       0
Total ram usage:        1 bytes
 Hardware stack levels used:    1
 This function calls:
		Nothing
 This function is called by:
		_getche
 This function uses a non-reentrant model



MODULE INFORMATION

Module		Function		Class		Link	Load	Size
shared
		__initializatio		CODE           	0761	0000	0

shared estimated size: 0

main.c
		_init          		CODE           	07BC	0000	16
		_main          		CODE           	07CC	0000	52
		_allOff        		CODE           	0776	0000	10
		_drawThree     		CODE           	0796	0000	11
		_drawTwo       		CODE           	078B	0000	11
		_drawOne       		CODE           	0764	0000	8

main.c estimated size: 108

usart.c
		_putch         		CODE           	07A1	0000	12
		_getche        		CODE           	076C	0000	10
		_getch         		CODE           	0780	0000	11
		_init_comms    		CODE           	07AD	0000	15

usart.c estimated size: 48

