Microchip MPLAB XC8 Compiler V1.12 ()

Linker command line:

--edf=C:\Program Files (x86)\Microchip\xc8\v1.12\dat\en_msgs.txt -cs \
  -h+dist/default/production\7_Segment_Display.X.production.sym -z -Q16F88 \
  -ol.obj -Mdist/default/production/7_Segment_Display.X.production.map -E1 \
  -ver=XC8 -ACONST=00h-0FFhx16 -ACODE=00h-07FFhx2 -ASTRCODE=00h-0FFFh \
  -AENTRY=00h-0FFhx16 -ASTRING=00h-0FFhx16 -ACOMMON=070h-07Fh \
  -ABANK0=020h-06Fh -ABANK1=0A0h-0EFh -ABANK2=0110h-016Fh \
  -ABANK3=0190h-01EFh -ARAM=020h-06Fh,0A0h-0EFh,0110h-016Fh,0190h-01EFh \
  -AABS1=020h-07Fh,0A0h-0EFh,0110h-016Fh,0190h-01EFh -ASFR0=00h-01Fh \
  -ASFR1=080h-09Fh -ASFR2=0100h-010Fh -ASFR3=0180h-018Fh \
  -preset_vec=00h,intentry,init,end_init -ppowerup=CODE -pfunctab=CODE \
  -ACONFIG=02007h-02008h -pconfig=CONFIG -DCONFIG=2 -AIDLOC=02000h-02003h \
  -pidloc=IDLOC -DIDLOC=2 -AEEDATA=00h-0FFh/02100h -peeprom_data=EEDATA \
  -DEEDATA=2 -DCODE=2 -DSTRCODE=2 -DSTRING=2 -DCONST=2 -DENTRY=2 -k \
  C:\Users\c\AppData\Local\Temp\s6os.obj \
  dist/default/production\7_Segment_Display.X.production.obj 

Object code version is 3.10

Machine type is 16F88



                Name                               Link     Load   Length Selector   Space Scale
C:\Users\c\AppData\Local\Temp\s6os.obj
                end_init                              0        0        2        0       0
                config                             2007     2007        2     400E       0
dist/default/production\7_Segment_Display.X.production.obj
                text149                             6E3      6E3        A      DC6       0
                text148                             6ED      6ED        A      DDA       0
                text147                             6F7      6F7        A      DEE       0
                text146                             701      701        A      E02       0
                text145                             70B      70B        A      E16       0
                text144                             715      715        A      E2A       0
                text143                             71F      71F        A      E3E       0
                text142                             729      729        A      E52       0
                text141                             733      733        A      E66       0
                text140                             73D      73D        A      E7A       0
                text139                             747      747       11      E8E       0
                maintext                            758      758       A8      EB0       0
                cstackCOMMON                         70       70        3       70       1
                cinit                               6E0      6E0        3      DC0       0

TOTAL           Name                               Link     Load   Length     Space
        CLASS   CONST          

        CLASS   CODE           
                end_init                              0        0        2         0
                text149                             6E3      6E3        A         0
                text148                             6ED      6ED        A         0
                text147                             6F7      6F7        A         0
                text146                             701      701        A         0
                text145                             70B      70B        A         0
                text144                             715      715        A         0
                text143                             71F      71F        A         0
                text142                             729      729        A         0
                text141                             733      733        A         0
                text140                             73D      73D        A         0
                text139                             747      747       11         0
                maintext                            758      758       A8         0
                cinit                               6E0      6E0        3         0

        CLASS   STRCODE        

        CLASS   ENTRY          

        CLASS   STRING         

        CLASS   COMMON         
                cstackCOMMON                         70       70        3         1

        CLASS   BANK0          

        CLASS   BANK1          

        CLASS   BANK2          

        CLASS   BANK3          

        CLASS   RAM            

        CLASS   ABS1           
                abs_s1                               7E       7E        2         1

        CLASS   SFR0           

        CLASS   SFR1           

        CLASS   SFR2           

        CLASS   SFR3           

        CLASS   CONFIG         
                config                             2007     2007        2         0

        CLASS   IDLOC          

        CLASS   EEDATA         



SEGMENTS        Name                           Load    Length   Top    Selector   Space  Class     Delta

                reset_vec                      000000  000002  000002         0       0  CODE        2
                cstackCOMMON                   000070  000003  000073        70       1  COMMON      1
                cinit                          0006E0  000003  0006E3       DC0       0  CODE        2
                text149                        0006E3  00000A  0006ED       DC6       0  CODE        2
                text148                        0006ED  00000A  0006F7       DDA       0  CODE        2
                text147                        0006F7  00000A  000701       DEE       0  CODE        2
                text146                        000701  00000A  00070B       E02       0  CODE        2
                text145                        00070B  00000A  000715       E16       0  CODE        2
                text144                        000715  00000A  00071F       E2A       0  CODE        2
                text143                        00071F  00000A  000729       E3E       0  CODE        2
                text142                        000729  00000A  000733       E52       0  CODE        2
                text141                        000733  00000A  00073D       E66       0  CODE        2
                text140                        00073D  00000A  000747       E7A       0  CODE        2
                text139                        000747  000011  000758       E8E       0  CODE        2
                maintext                       000758  0000A8  000800       EB0       0  CODE        2
                config                         002007  000002  002009      400E       0  CONFIG      2


UNUSED ADDRESS RANGES

        Name                Unused          Largest block    Delta
        BANK0            0020-006F             50           1
        BANK1            00A0-00EF             50           1
        BANK2            0110-016F             60           1
        BANK3            0190-01EF             60           1
        CODE             0002-06DF            6DE           2
                         0800-0FFF            800
        COMMON           0073-007D              B           1
        CONST            0002-06DF            100           2
                         0800-0FFF            100
        EEDATA           2100-21FF            100           2
        ENTRY            0002-06DF            100           2
                         0800-0FFF            100
        IDLOC            2000-2003              4           2
        RAM              0020-006F             50           1
                         00A0-00EF             50
                         0110-016F             60
                         0190-01EF             60
        SFR0             0000-001F             20           1
        SFR1             0080-009F             20           1
        SFR2             0100-010F             10           1
        SFR3             0180-018F             10           1
        STRCODE          0002-06DF            6DE           2
                         0800-0FFF            800
        STRING           0002-06DF            100           2
                         0800-0FFF            100

                                  Symbol Table

_ANSEL                   (abs)        009B
_OSCCON                  (abs)        008F
_RA0                     (abs)        0028
_RA1                     (abs)        0029
_RA2                     (abs)        002A
_RA3                     (abs)        002B
_RA4                     (abs)        002C
_RA6                     (abs)        002E
_RA7                     (abs)        002F
_TRISA                   (abs)        0085
_TRISB                   (abs)        0086
__CFG_BOREN$OFF          (abs)        0000
__CFG_CCPMX$RB0          (abs)        0000
__CFG_CP$OFF             (abs)        0000
__CFG_CPD$OFF            (abs)        0000
__CFG_DEBUG$OFF          (abs)        0000
__CFG_FCMEN$OFF          (abs)        0000
__CFG_FOSC$INTOSCIO      (abs)        0000
__CFG_IESO$OFF           (abs)        0000
__CFG_LVP$OFF            (abs)        0000
__CFG_MCLRE$OFF          (abs)        0000
__CFG_PWRTE$OFF          (abs)        0000
__CFG_WDTE$OFF           (abs)        0000
__CFG_WRT$OFF            (abs)        0000
__Habs1                  abs1         0000
__Hbank0                 bank0        0000
__Hbank1                 bank1        0000
__Hbank2                 bank2        0000
__Hbank3                 bank3        0000
__Hcinit                 cinit        0000
__Hclrtext               clrtext      0000
__Hcode                  code         0000
__Hcommon                common       0000
__Hconfig                config       2009
__HcstackCOMMON          cstackCOMMON 0000
__Heeprom_data           eeprom_data  0000
__Hend_init              end_init     0002
__Hfunctab               functab      0000
__Hidloc                 idloc        0000
__Hinit                  init         0000
__Hintentry              intentry     0000
__Hmaintext              maintext     0000
__Hpowerup               powerup      0000
__Hram                   ram          0000
__Hreset_vec             reset_vec    0000
__Hsfr0                  sfr0         0000
__Hsfr1                  sfr1         0000
__Hsfr2                  sfr2         0000
__Hsfr3                  sfr3         0000
__Hstrings               strings      0000
__Htext                  text         0000
__Labs1                  abs1         0000
__Lbank0                 bank0        0000
__Lbank1                 bank1        0000
__Lbank2                 bank2        0000
__Lbank3                 bank3        0000
__Lcinit                 cinit        0000
__Lclrtext               clrtext      0000
__Lcode                  code         0000
__Lcommon                common       0000
__Lconfig                config       2007
__LcstackCOMMON          cstackCOMMON 0000
__Leeprom_data           eeprom_data  0000
__Lend_init              end_init     0000
__Lfunctab               functab      0000
__Lidloc                 idloc        0000
__Linit                  init         0000
__Lintentry              intentry     0000
__Lmaintext              maintext     0000
__Lpowerup               powerup      0000
__Lram                   ram          0000
__Lreset_vec             reset_vec    0000
__Lsfr0                  sfr0         0000
__Lsfr1                  sfr1         0000
__Lsfr2                  sfr2         0000
__Lsfr3                  sfr3         0000
__Lstrings               strings      0000
__Ltext                  text         0000
__S0                     (abs)        2009
__S1                     (abs)        0073
__S2                     (abs)        0000
__end_of__initialization cinit        06E0
__end_of_eightDisplay    text148      06F7
__end_of_fiveDisplay     text145      0715
__end_of_fourDisplay     text144      071F
__end_of_init            text139      0758
__end_of_main            maintext     0800
__end_of_nineDisplay     text149      06ED
__end_of_oneDisplay      text141      073D
__end_of_sevenDisplay    text147      0701
__end_of_sixDisplay      text146      070B
__end_of_threeDisplay    text143      0729
__end_of_twoDisplay      text142      0733
__end_of_zeroDisplay     text140      0747
__initialization         cinit        06E0
__pcstackCOMMON          cstackCOMMON 0070
__pmaintext              maintext     0758
__ptext138               text138      0000
__ptext139               text139      0747
__ptext140               text140      073D
__ptext141               text141      0733
__ptext142               text142      0729
__ptext143               text143      071F
__ptext144               text144      0715
__ptext145               text145      070B
__ptext146               text146      0701
__ptext147               text147      06F7
__ptext148               text148      06ED
__ptext149               text149      06E3
__ptext150               text150      0000
__size_of_eightDisplay   (abs)        0000
__size_of_fiveDisplay    (abs)        0000
__size_of_fourDisplay    (abs)        0000
__size_of_init           (abs)        0000
__size_of_main           (abs)        0000
__size_of_nineDisplay    (abs)        0000
__size_of_oneDisplay     (abs)        0000
__size_of_sevenDisplay   (abs)        0000
__size_of_sixDisplay     (abs)        0000
__size_of_threeDisplay   (abs)        0000
__size_of_twoDisplay     (abs)        0000
__size_of_zeroDisplay    (abs)        0000
_eightDisplay            text148      06ED
_fiveDisplay             text145      070B
_fourDisplay             text144      0715
_init                    text139      0747
_main                    maintext     0758
_nineDisplay             text149      06E3
_oneDisplay              text141      0733
_sevenDisplay            text147      06F7
_sixDisplay              text146      0701
_threeDisplay            text143      071F
_twoDisplay              text142      0729
_zeroDisplay             text140      073D
btemp                    (abs)        007E
end_of_initialization    cinit        06E0
intlevel0                functab      0000
intlevel1                functab      0000
intlevel2                functab      0000
intlevel3                functab      0000
intlevel4                functab      0000
intlevel5                functab      0000
reset_vec                reset_vec    0000
start                    init         0000
start_initialization     cinit        06E0
wtemp0                   (abs)        007E


FUNCTION INFORMATION:

 *************** function _main *****************
 Defined at:
		line 169 in file "main.c"
 Parameters:    Size  Location     Type
		None
 Auto vars:     Size  Location     Type
		None
 Return value:  Size  Location     Type
                  2   59[COMMON] int 
 Registers used:
		wreg, status,2, status,0, pclath, cstack
 Tracked objects:
		On entry : 
		On exit  : 
		Unchanged: 
 Data sizes:     COMMON   BANK0   BANK1   BANK3   BANK2
      Params:         0       0       0       0       0
      Locals:         0       0       0       0       0
      Temps:          3       0       0       0       0
      Totals:         3       0       0       0       0
Total ram usage:        3 bytes
 Hardware stack levels required when called:    1
 This function calls:
		_init
		_zeroDisplay
		_oneDisplay
		_twoDisplay
		_threeDisplay
		_fourDisplay
		_fiveDisplay
		_sixDisplay
		_sevenDisplay
		_eightDisplay
		_nineDisplay
 This function is called by:
		Startup code after reset
 This function uses a non-reentrant model


 *************** function _init *****************
 Defined at:
		line 42 in file "main.c"
 Parameters:    Size  Location     Type
		None
 Auto vars:     Size  Location     Type
		None
 Return value:  Size  Location     Type
		None               void
 Registers used:
		wreg, status,2
 Tracked objects:
		On entry : 
		On exit  : 
		Unchanged: 
 Data sizes:     COMMON   BANK0   BANK1   BANK3   BANK2
      Params:         0       0       0       0       0
      Locals:         0       0       0       0       0
      Temps:          0       0       0       0       0
      Totals:         0       0       0       0       0
Total ram usage:        0 bytes
 Hardware stack levels used:    1
 This function calls:
		Nothing
 This function is called by:
		_main
 This function uses a non-reentrant model


 *************** function _zeroDisplay *****************
 Defined at:
		line 60 in file "main.c"
 Parameters:    Size  Location     Type
		None
 Auto vars:     Size  Location     Type
		None
 Return value:  Size  Location     Type
		None               void
 Registers used:
		None
 Tracked objects:
		On entry : 
		On exit  : 
		Unchanged: 
 Data sizes:     COMMON   BANK0   BANK1   BANK3   BANK2
      Params:         0       0       0       0       0
      Locals:         0       0       0       0       0
      Temps:          0       0       0       0       0
      Totals:         0       0       0       0       0
Total ram usage:        0 bytes
 Hardware stack levels used:    1
 This function calls:
		Nothing
 This function is called by:
		_main
 This function uses a non-reentrant model


 *************** function _oneDisplay *****************
 Defined at:
		line 71 in file "main.c"
 Parameters:    Size  Location     Type
		None
 Auto vars:     Size  Location     Type
		None
 Return value:  Size  Location     Type
		None               void
 Registers used:
		None
 Tracked objects:
		On entry : 
		On exit  : 
		Unchanged: 
 Data sizes:     COMMON   BANK0   BANK1   BANK3   BANK2
      Params:         0       0       0       0       0
      Locals:         0       0       0       0       0
      Temps:          0       0       0       0       0
      Totals:         0       0       0       0       0
Total ram usage:        0 bytes
 Hardware stack levels used:    1
 This function calls:
		Nothing
 This function is called by:
		_main
 This function uses a non-reentrant model


 *************** function _twoDisplay *****************
 Defined at:
		line 82 in file "main.c"
 Parameters:    Size  Location     Type
		None
 Auto vars:     Size  Location     Type
		None
 Return value:  Size  Location     Type
		None               void
 Registers used:
		None
 Tracked objects:
		On entry : 
		On exit  : 
		Unchanged: 
 Data sizes:     COMMON   BANK0   BANK1   BANK3   BANK2
      Params:         0       0       0       0       0
      Locals:         0       0       0       0       0
      Temps:          0       0       0       0       0
      Totals:         0       0       0       0       0
Total ram usage:        0 bytes
 Hardware stack levels used:    1
 This function calls:
		Nothing
 This function is called by:
		_main
 This function uses a non-reentrant model


 *************** function _threeDisplay *****************
 Defined at:
		line 93 in file "main.c"
 Parameters:    Size  Location     Type
		None
 Auto vars:     Size  Location     Type
		None
 Return value:  Size  Location     Type
		None               void
 Registers used:
		None
 Tracked objects:
		On entry : 
		On exit  : 
		Unchanged: 
 Data sizes:     COMMON   BANK0   BANK1   BANK3   BANK2
      Params:         0       0       0       0       0
      Locals:         0       0       0       0       0
      Temps:          0       0       0       0       0
      Totals:         0       0       0       0       0
Total ram usage:        0 bytes
 Hardware stack levels used:    1
 This function calls:
		Nothing
 This function is called by:
		_main
 This function uses a non-reentrant model


 *************** function _fourDisplay *****************
 Defined at:
		line 104 in file "main.c"
 Parameters:    Size  Location     Type
		None
 Auto vars:     Size  Location     Type
		None
 Return value:  Size  Location     Type
		None               void
 Registers used:
		None
 Tracked objects:
		On entry : 
		On exit  : 
		Unchanged: 
 Data sizes:     COMMON   BANK0   BANK1   BANK3   BANK2
      Params:         0       0       0       0       0
      Locals:         0       0       0       0       0
      Temps:          0       0       0       0       0
      Totals:         0       0       0       0       0
Total ram usage:        0 bytes
 Hardware stack levels used:    1
 This function calls:
		Nothing
 This function is called by:
		_main
 This function uses a non-reentrant model


 *************** function _fiveDisplay *****************
 Defined at:
		line 115 in file "main.c"
 Parameters:    Size  Location     Type
		None
 Auto vars:     Size  Location     Type
		None
 Return value:  Size  Location     Type
		None               void
 Registers used:
		None
 Tracked objects:
		On entry : 
		On exit  : 
		Unchanged: 
 Data sizes:     COMMON   BANK0   BANK1   BANK3   BANK2
      Params:         0       0       0       0       0
      Locals:         0       0       0       0       0
      Temps:          0       0       0       0       0
      Totals:         0       0       0       0       0
Total ram usage:        0 bytes
 Hardware stack levels used:    1
 This function calls:
		Nothing
 This function is called by:
		_main
 This function uses a non-reentrant model


 *************** function _sixDisplay *****************
 Defined at:
		line 126 in file "main.c"
 Parameters:    Size  Location     Type
		None
 Auto vars:     Size  Location     Type
		None
 Return value:  Size  Location     Type
		None               void
 Registers used:
		None
 Tracked objects:
		On entry : 
		On exit  : 
		Unchanged: 
 Data sizes:     COMMON   BANK0   BANK1   BANK3   BANK2
      Params:         0       0       0       0       0
      Locals:         0       0       0       0       0
      Temps:          0       0       0       0       0
      Totals:         0       0       0       0       0
Total ram usage:        0 bytes
 Hardware stack levels used:    1
 This function calls:
		Nothing
 This function is called by:
		_main
 This function uses a non-reentrant model


 *************** function _sevenDisplay *****************
 Defined at:
		line 137 in file "main.c"
 Parameters:    Size  Location     Type
		None
 Auto vars:     Size  Location     Type
		None
 Return value:  Size  Location     Type
		None               void
 Registers used:
		None
 Tracked objects:
		On entry : 
		On exit  : 
		Unchanged: 
 Data sizes:     COMMON   BANK0   BANK1   BANK3   BANK2
      Params:         0       0       0       0       0
      Locals:         0       0       0       0       0
      Temps:          0       0       0       0       0
      Totals:         0       0       0       0       0
Total ram usage:        0 bytes
 Hardware stack levels used:    1
 This function calls:
		Nothing
 This function is called by:
		_main
 This function uses a non-reentrant model


 *************** function _eightDisplay *****************
 Defined at:
		line 148 in file "main.c"
 Parameters:    Size  Location     Type
		None
 Auto vars:     Size  Location     Type
		None
 Return value:  Size  Location     Type
		None               void
 Registers used:
		None
 Tracked objects:
		On entry : 
		On exit  : 
		Unchanged: 
 Data sizes:     COMMON   BANK0   BANK1   BANK3   BANK2
      Params:         0       0       0       0       0
      Locals:         0       0       0       0       0
      Temps:          0       0       0       0       0
      Totals:         0       0       0       0       0
Total ram usage:        0 bytes
 Hardware stack levels used:    1
 This function calls:
		Nothing
 This function is called by:
		_main
 This function uses a non-reentrant model


 *************** function _nineDisplay *****************
 Defined at:
		line 159 in file "main.c"
 Parameters:    Size  Location     Type
		None
 Auto vars:     Size  Location     Type
		None
 Return value:  Size  Location     Type
		None               void
 Registers used:
		None
 Tracked objects:
		On entry : 
		On exit  : 
		Unchanged: 
 Data sizes:     COMMON   BANK0   BANK1   BANK3   BANK2
      Params:         0       0       0       0       0
      Locals:         0       0       0       0       0
      Temps:          0       0       0       0       0
      Totals:         0       0       0       0       0
Total ram usage:        0 bytes
 Hardware stack levels used:    1
 This function calls:
		Nothing
 This function is called by:
		_main
 This function uses a non-reentrant model



MODULE INFORMATION

Module		Function		Class		Link	Load	Size
shared
		__initializatio		CODE           	06E0	0000	0

shared estimated size: 0

main.c
		_init          		CODE           	0747	0000	17
		_fiveDisplay   		CODE           	070B	0000	10
		_twoDisplay    		CODE           	0729	0000	10
		_threeDisplay  		CODE           	071F	0000	10
		_sixDisplay    		CODE           	0701	0000	10
		_main          		CODE           	0758	0000	168
		_fourDisplay   		CODE           	0715	0000	10
		_eightDisplay  		CODE           	06ED	0000	10
		_oneDisplay    		CODE           	0733	0000	10
		_sevenDisplay  		CODE           	06F7	0000	10
		_nineDisplay   		CODE           	06E3	0000	10
		_zeroDisplay   		CODE           	073D	0000	10

main.c estimated size: 285

