Microchip MPLAB XC8 Compiler V1.12 ()

Linker command line:

--edf=C:\Program Files (x86)\Microchip\xc8\v1.12\dat\en_msgs.txt -cs \
  -h+dist/default/production\WiredTransmitter.X.production.sym -z -Q16F88 \
  -ol.obj -Mdist/default/production/WiredTransmitter.X.production.map -E1 \
  -ver=XC8 -ACONST=00h-0FFhx16 -ACODE=00h-07FFhx2 -ASTRCODE=00h-0FFFh \
  -AENTRY=00h-0FFhx16 -ASTRING=00h-0FFhx16 -ACOMMON=070h-07Fh \
  -ABANK0=020h-06Fh -ABANK1=0A0h-0EFh -ABANK2=0110h-016Fh \
  -ABANK3=0190h-01EFh -ARAM=020h-06Fh,0A0h-0EFh,0110h-016Fh,0190h-01EFh \
  -AABS1=020h-07Fh,0A0h-0EFh,0110h-016Fh,0190h-01EFh -ASFR0=00h-01Fh \
  -ASFR1=080h-09Fh -ASFR2=0100h-010Fh -ASFR3=0180h-018Fh \
  -preset_vec=00h,intentry,init,end_init -ppowerup=CODE -pfunctab=CODE \
  -ACONFIG=02007h-02008h -pconfig=CONFIG -DCONFIG=2 -AIDLOC=02000h-02003h \
  -pidloc=IDLOC -DIDLOC=2 -AEEDATA=00h-0FFh/02100h -peeprom_data=EEDATA \
  -DEEDATA=2 -DCODE=2 -DSTRCODE=2 -DSTRING=2 -DCONST=2 -DENTRY=2 -k \
  C:\Users\c\AppData\Local\Temp\s7c4.obj \
  dist/default/production\WiredTransmitter.X.production.obj 

Object code version is 3.10

Machine type is 16F88



                Name                               Link     Load   Length Selector   Space Scale
C:\Users\c\AppData\Local\Temp\s7c4.obj
                end_init                              0        0        2        0       0
                config                             2007     2007        2     400E       0
dist/default/production\WiredTransmitter.X.production.obj
                text54                              7BD      7BD        F      F7A       0
                text53                              7B0      7B0        D      F60       0
                text52                              7A4      7A4        C      F48       0
                maintext                            7CC      7CC       34      F98       0
                cstackCOMMON                         70       70        1       70       1
                cinit                               7A1      7A1        3      F42       0

TOTAL           Name                               Link     Load   Length     Space
        CLASS   CONST          

        CLASS   CODE           
                end_init                              0        0        2         0
                text54                              7BD      7BD        F         0
                text53                              7B0      7B0        D         0
                text52                              7A4      7A4        C         0
                maintext                            7CC      7CC       34         0
                cinit                               7A1      7A1        3         0

        CLASS   STRCODE        

        CLASS   ENTRY          

        CLASS   STRING         

        CLASS   COMMON         
                cstackCOMMON                         70       70        1         1

        CLASS   BANK0          

        CLASS   BANK1          

        CLASS   BANK2          

        CLASS   BANK3          

        CLASS   RAM            

        CLASS   ABS1           
                abs_s1                               7E       7E        2         1

        CLASS   SFR0           

        CLASS   SFR1           

        CLASS   SFR2           

        CLASS   SFR3           

        CLASS   CONFIG         
                config                             2007     2007        2         0

        CLASS   IDLOC          

        CLASS   EEDATA         



SEGMENTS        Name                           Load    Length   Top    Selector   Space  Class     Delta

                reset_vec                      000000  000002  000002         0       0  CODE        2
                cstackCOMMON                   000070  000001  000071        70       1  COMMON      1
                cinit                          0007A1  000003  0007A4       F42       0  CODE        2
                text52                         0007A4  00000C  0007B0       F48       0  CODE        2
                text53                         0007B0  00000D  0007BD       F60       0  CODE        2
                text54                         0007BD  00000F  0007CC       F7A       0  CODE        2
                maintext                       0007CC  000034  000800       F98       0  CODE        2
                config                         002007  000002  002009      400E       0  CONFIG      2


UNUSED ADDRESS RANGES

        Name                Unused          Largest block    Delta
        BANK0            0020-006F             50           1
        BANK1            00A0-00EF             50           1
        BANK2            0110-016F             60           1
        BANK3            0190-01EF             60           1
        CODE             0002-07A0            79F           2
                         0800-0FFF            800
        COMMON           0071-007D              D           1
        CONST            0002-07A0            100           2
                         0800-0FFF            100
        EEDATA           2100-21FF            100           2
        ENTRY            0002-07A0            100           2
                         0800-0FFF            100
        IDLOC            2000-2003              4           2
        RAM              0020-006F             50           1
                         00A0-00EF             50
                         0110-016F             60
                         0190-01EF             60
        SFR0             0000-001F             20           1
        SFR1             0080-009F             20           1
        SFR2             0100-010F             10           1
        SFR3             0180-018F             10           1
        STRCODE          0002-07A0            79F           2
                         0800-0FFF            800
        STRING           0002-07A0            100           2
                         0800-0FFF            100

                                  Symbol Table

_ANSEL                   (abs)        009B
_OSCCON                  (abs)        008F
_RA0                     (abs)        0028
_RA1                     (abs)        0029
_RA2                     (abs)        002A
_RA3                     (abs)        002B
_RCIF                    (abs)        0065
_RCREG                   (abs)        001A
_RCSTA                   (abs)        0018
_SPBRG                   (abs)        0099
_TRISA                   (abs)        0085
_TRISB                   (abs)        0086
_TRISB2                  (abs)        0432
_TRISB5                  (abs)        0435
_TXIF                    (abs)        0064
_TXREG                   (abs)        0019
_TXSTA                   (abs)        0098
__CFG_BOREN$OFF          (abs)        0000
__CFG_CCPMX$RB0          (abs)        0000
__CFG_CP$OFF             (abs)        0000
__CFG_CPD$OFF            (abs)        0000
__CFG_DEBUG$OFF          (abs)        0000
__CFG_FCMEN$OFF          (abs)        0000
__CFG_FOSC$INTOSCIO      (abs)        0000
__CFG_IESO$OFF           (abs)        0000
__CFG_LVP$OFF            (abs)        0000
__CFG_MCLRE$OFF          (abs)        0000
__CFG_PWRTE$OFF          (abs)        0000
__CFG_WDTE$OFF           (abs)        0000
__CFG_WRT$OFF            (abs)        0000
__Habs1                  abs1         0000
__Hbank0                 bank0        0000
__Hbank1                 bank1        0000
__Hbank2                 bank2        0000
__Hbank3                 bank3        0000
__Hcinit                 cinit        0000
__Hclrtext               clrtext      0000
__Hcode                  code         0000
__Hcommon                common       0000
__Hconfig                config       2009
__HcstackCOMMON          cstackCOMMON 0000
__Heeprom_data           eeprom_data  0000
__Hend_init              end_init     0002
__Hfunctab               functab      0000
__Hidloc                 idloc        0000
__Hinit                  init         0000
__Hintentry              intentry     0000
__Hmaintext              maintext     0000
__Hpowerup               powerup      0000
__Hram                   ram          0000
__Hreset_vec             reset_vec    0000
__Hsfr0                  sfr0         0000
__Hsfr1                  sfr1         0000
__Hsfr2                  sfr2         0000
__Hsfr3                  sfr3         0000
__Hstrings               strings      0000
__Htext                  text         0000
__Labs1                  abs1         0000
__Lbank0                 bank0        0000
__Lbank1                 bank1        0000
__Lbank2                 bank2        0000
__Lbank3                 bank3        0000
__Lcinit                 cinit        0000
__Lclrtext               clrtext      0000
__Lcode                  code         0000
__Lcommon                common       0000
__Lconfig                config       2007
__LcstackCOMMON          cstackCOMMON 0000
__Leeprom_data           eeprom_data  0000
__Lend_init              end_init     0000
__Lfunctab               functab      0000
__Lidloc                 idloc        0000
__Linit                  init         0000
__Lintentry              intentry     0000
__Lmaintext              maintext     0000
__Lpowerup               powerup      0000
__Lram                   ram          0000
__Lreset_vec             reset_vec    0000
__Lsfr0                  sfr0         0000
__Lsfr1                  sfr1         0000
__Lsfr2                  sfr2         0000
__Lsfr3                  sfr3         0000
__Lstrings               strings      0000
__Ltext                  text         0000
__S0                     (abs)        2009
__S1                     (abs)        0071
__S2                     (abs)        0000
__end_of__initialization cinit        07A1
__end_of_init            text53       07BD
__end_of_init_comms      text54       07CC
__end_of_main            maintext     0800
__end_of_putch           text52       07B0
__initialization         cinit        07A1
__pcstackCOMMON          cstackCOMMON 0070
__pmaintext              maintext     07CC
__ptext51                text51       0000
__ptext52                text52       07A4
__ptext53                text53       07B0
__ptext54                text54       07BD
__ptext55                text55       0000
__size_of_init           (abs)        0000
__size_of_init_comms     (abs)        0000
__size_of_main           (abs)        0000
__size_of_putch          (abs)        0000
_init                    text53       07B0
_init_comms              text54       07BD
_main                    maintext     07CC
_putch                   text52       07A4
btemp                    (abs)        007E
end_of_initialization    cinit        07A1
intlevel0                functab      0000
intlevel1                functab      0000
intlevel2                functab      0000
intlevel3                functab      0000
intlevel4                functab      0000
intlevel5                functab      0000
putch@byte               cstackCOMMON 0070
reset_vec                reset_vec    0000
start                    init         0000
start_initialization     cinit        07A1
wtemp0                   (abs)        007E


FUNCTION INFORMATION:

 *************** function _main *****************
 Defined at:
		line 45 in file "main.c"
 Parameters:    Size  Location     Type
		None
 Auto vars:     Size  Location     Type
		None
 Return value:  Size  Location     Type
                  2   61[COMMON] int 
 Registers used:
		wreg, status,2, status,0, pclath, cstack
 Tracked objects:
		On entry : 
		On exit  : 
		Unchanged: 
 Data sizes:     COMMON   BANK0   BANK1   BANK3   BANK2
      Params:         0       0       0       0       0
      Locals:         0       0       0       0       0
      Temps:          0       0       0       0       0
      Totals:         0       0       0       0       0
Total ram usage:        0 bytes
 Hardware stack levels required when called:    2
 This function calls:
		_init
		_putch
 This function is called by:
		Startup code after reset
 This function uses a non-reentrant model


 *************** function _putch *****************
 Defined at:
		line 7 in file "usart.c"
 Parameters:    Size  Location     Type
  byte            1    wreg     unsigned char 
 Auto vars:     Size  Location     Type
  byte            1    0[COMMON] unsigned char 
 Return value:  Size  Location     Type
		None               void
 Registers used:
		wreg
 Tracked objects:
		On entry : 
		On exit  : 
		Unchanged: 
 Data sizes:     COMMON   BANK0   BANK1   BANK3   BANK2
      Params:         0       0       0       0       0
      Locals:         1       0       0       0       0
      Temps:          0       0       0       0       0
      Totals:         1       0       0       0       0
Total ram usage:        1 bytes
 Hardware stack levels used:    1
 This function calls:
		Nothing
 This function is called by:
		_main
		_getche
 This function uses a non-reentrant model


 *************** function _init *****************
 Defined at:
		line 35 in file "main.c"
 Parameters:    Size  Location     Type
		None
 Auto vars:     Size  Location     Type
		None
 Return value:  Size  Location     Type
		None               void
 Registers used:
		wreg, status,2, status,0, pclath, cstack
 Tracked objects:
		On entry : 
		On exit  : 
		Unchanged: 
 Data sizes:     COMMON   BANK0   BANK1   BANK3   BANK2
      Params:         0       0       0       0       0
      Locals:         0       0       0       0       0
      Temps:          0       0       0       0       0
      Totals:         0       0       0       0       0
Total ram usage:        0 bytes
 Hardware stack levels used:    1
 Hardware stack levels required when called:    1
 This function calls:
		_init_comms
 This function is called by:
		_main
 This function uses a non-reentrant model


 *************** function _init_comms *****************
 Defined at:
		line 30 in file "usart.c"
 Parameters:    Size  Location     Type
		None
 Auto vars:     Size  Location     Type
		None
 Return value:  Size  Location     Type
		None               void
 Registers used:
		wreg
 Tracked objects:
		On entry : 
		On exit  : 
		Unchanged: 
 Data sizes:     COMMON   BANK0   BANK1   BANK3   BANK2
      Params:         0       0       0       0       0
      Locals:         0       0       0       0       0
      Temps:          0       0       0       0       0
      Totals:         0       0       0       0       0
Total ram usage:        0 bytes
 Hardware stack levels used:    1
 This function calls:
		Nothing
 This function is called by:
		_init
 This function uses a non-reentrant model



MODULE INFORMATION

Module		Function		Class		Link	Load	Size
shared
		__initializatio		CODE           	07A1	0000	0

shared estimated size: 0

main.c
		_init          		CODE           	07B0	0000	13
		_main          		CODE           	07CC	0000	52

main.c estimated size: 65

usart.c
		_putch         		CODE           	07A4	0000	12
		_init_comms    		CODE           	07BD	0000	15

usart.c estimated size: 27

